// Jest Snapshot v1, https://goo.gl/fbAQLP

exports[`gux-tabs-legacy renders 1`] = `" <gux-tab-legacy tab-id=\\"1\\" tab-icon-name=\\"lock\\" class=\\"hydrated\\"><!----> <gux-tab-legacy tab-id=\\"2\\" tab-icon-name=\\"lock\\" hidden=\\"\\" class=\\"hydrated\\"><!----> <button type=\\"button\\" class=\\"gux-tab gux-show\\" role=\\"button\\"><div class=\\"tab-icon-container\\"><gux-icon icon-name=\\"lock\\" class=\\"hydrated\\"></gux-icon></div><span class=\\"tab-title\\"><span slot=\\"title\\"> Hello World 2 </span></span></button></gux-tab-legacy><button type=\\"button\\" class=\\"gux-tab\\" role=\\"button\\"><div class=\\"tab-icon-container\\"><gux-icon icon-name=\\"lock\\" class=\\"hydrated\\"></gux-icon></div><span class=\\"tab-title\\"><span slot=\\"title\\"> Hello World </span></span></button><button id=\\"gux-i\\" type=\\"button\\" class=\\"gux-tab-options-button\\"><gux-icon icon-name=\\"menu-kebab-vertical\\" class=\\"hydrated\\"></gux-icon></button><gux-popover-list hidden=\\"\\" class=\\"hydrated\\"><div><span slot=\\"dropdown-options\\"> <gux-tab-dropdown-option-legacy option-id=\\"1\\" icon-name=\\"edit\\" onclick=\\"notify(event)\\" class=\\"hydrated\\"><!----><button class=\\"tab-dropdown-option\\"><gux-icon icon-name=\\"edit\\" class=\\"hydrated\\"></gux-icon><span> Edit </span></button></gux-tab-dropdown-option-legacy> <gux-tab-dropdown-option-legacy option-id=\\"2\\" icon-name=\\"clone\\" onclick=\\"notify(event)\\" class=\\"hydrated\\"><!----><button class=\\"tab-dropdown-option\\"><gux-icon icon-name=\\"clone\\" class=\\"hydrated\\"></gux-icon><span> Clone </span></button></gux-tab-dropdown-option-legacy> <gux-tab-dropdown-option-legacy option-id=\\"3\\" icon-name=\\"share\\" onclick=\\"notify(event)\\" class=\\"hydrated\\"><!----><button class=\\"tab-dropdown-option\\"><gux-icon icon-name=\\"share\\" class=\\"hydrated\\"></gux-icon><span> Share </span></button></gux-tab-dropdown-option-legacy> <gux-tab-dropdown-option-legacy option-id=\\"4\\" icon-name=\\"download\\" onclick=\\"notify(event)\\" class=\\"hydrated\\"><!----><button class=\\"tab-dropdown-option\\"><gux-icon icon-name=\\"download\\" class=\\"hydrated\\"></gux-icon><span> Download </span></button></gux-tab-dropdown-option-legacy> </span></div></gux-popover-list></gux-tab-legacy>"`;
