// Jest Snapshot v1, https://goo.gl/fbAQLP

exports[`gux-tabs-legacy should render 1`] = `
<gux-tabs-legacy id="interactive">
  <mock:shadow-root>
    <div class="gux-tabs">
      <div class="action-button-container"></div>
      <div class="scrollable-section">
        <slot></slot>
      </div>
      <div class="action-button-container"></div>
    </div>
  </mock:shadow-root>
  <gux-tab-legacy tab-icon-name="lock" tab-id="1">
    <!---->
    <button class="gux-show gux-tab" role="button" type="button">
      <div class="tab-icon-container">
        <gux-icon decorative="" icon-name="lock"></gux-icon>
      </div>
      <span class="tab-title">
        <span slot="title">
          Hello World
        </span>
      </span>
      <button class="gux-tab-options-button" id="gux-i" type="button">
        <gux-icon decorative="" icon-name="menu-kebab-vertical"></gux-icon>
      </button>
      <gux-popover-list closeonclickoutside="" for="gux-i" hidden="" position="top-end">
        <div>
          <span slot="dropdown-options">
            <gux-tab-dropdown-option-legacy icon-name="edit" onclick="notify(event)" option-id="1">
              <!---->
              <button class="tab-dropdown-option">
                <gux-icon decorative="" icon-name="edit"></gux-icon>
                <span>
                  Edit
                </span>
              </button>
            </gux-tab-dropdown-option-legacy>
            <gux-tab-dropdown-option-legacy icon-name="clone" onclick="notify(event)" option-id="2">
              <!---->
              <button class="tab-dropdown-option">
                <gux-icon decorative="" icon-name="clone"></gux-icon>
                <span>
                  Clone
                </span>
              </button>
            </gux-tab-dropdown-option-legacy>
            <gux-tab-dropdown-option-legacy icon-name="share" onclick="notify(event)" option-id="3">
              <!---->
              <button class="tab-dropdown-option">
                <gux-icon decorative="" icon-name="share"></gux-icon>
                <span>
                  Share
                </span>
              </button>
            </gux-tab-dropdown-option-legacy>
            <gux-tab-dropdown-option-legacy icon-name="download" onclick="notify(event)" option-id="4">
              <!---->
              <button class="tab-dropdown-option">
                <gux-icon decorative="" icon-name="download"></gux-icon>
                <span>
                  Download
                </span>
              </button>
            </gux-tab-dropdown-option-legacy>
          </span>
        </div>
      </gux-popover-list>
    </button>
  </gux-tab-legacy>
  <gux-tab-legacy tab-icon-name="lock" tab-id="2">
    <!---->
    <button class="gux-show gux-tab" role="button" type="button">
      <div class="tab-icon-container">
        <gux-icon decorative="" icon-name="lock"></gux-icon>
      </div>
      <span class="tab-title">
        <span slot="title">
          Hello World 2
        </span>
      </span>
    </button>
  </gux-tab-legacy>
</gux-tabs-legacy>
`;
