// Jest Snapshot v1, https://goo.gl/fbAQLP

exports[`gux-action-button renders 1`] = `
<gux-action-button accent="primary" lang="en" text="Primary">
  <mock:shadow-root>
    <div class="gux-action-button-container">
      <gux-popup-beta>
        <div class="gux-action-button-container" slot="target">
          <gux-button-slot-beta accent="primary" class="gux-action-button">
            <button type="button">
              Primary
            </button>
          </gux-button-slot-beta>
          <gux-button-slot-beta accent="primary" class="gux-dropdown-button">
            <button aria-expanded="false" aria-haspopup="true" aria-label="Dropdown for Primary" type="button">
              <gux-icon decorative="" icon-name="chevron-small-down"></gux-icon>
            </button>
          </gux-button-slot-beta>
        </div>
        <gux-action-list slot="popup">
          <slot></slot>
        </gux-action-list>
      </gux-popup-beta>
    </div>
  </mock:shadow-root>
  <gux-action-item role="listitem" text="test">
    <mock:shadow-root>
      <button class="gux-action-item">
        test
        <slot></slot>
      </button>
    </mock:shadow-root>
  </gux-action-item>
  <gux-action-item role="listitem" text="test2">
    <mock:shadow-root>
      <button class="gux-action-item">
        test2
        <slot></slot>
      </button>
    </mock:shadow-root>
  </gux-action-item>
  <gux-action-item role="listitem" text="test3">
    <mock:shadow-root>
      <button class="gux-action-item">
        test3
        <slot></slot>
      </button>
    </mock:shadow-root>
  </gux-action-item>
  <gux-list-divider></gux-list-divider>
  <gux-action-item role="listitem">
    <mock:shadow-root>
      <button class="gux-action-item">
        <slot></slot>
      </button>
    </mock:shadow-root>
    <span>
      I am a span
    </span>
  </gux-action-item>
</gux-action-button>
`;
