// Jest Snapshot v1, https://goo.gl/fbAQLP

exports[`gux-flyout-menu #render should render as expected 1`] = `"<gux-flyout-menu-beta tabindex=\\"0\\" aria-haspopup=\\"true\\" aria-expanded=\\"false\\" class=\\"hydrated\\"> <span slot=\\"target\\">Example Target Element</span> <gux-menu slot=\\"menu\\" role=\\"menu\\" class=\\"hydrated\\"><!----> <gux-menu-option class=\\"hydrated\\"><!----><button type=\\"button\\" class=\\"gux-menu-option-button\\" role=\\"menuitem\\" aria-haspopup=\\"false\\" tabindex=\\"-1\\"><span class=\\"gux-menu-option-button-text\\">Option One</span></button></gux-menu-option> <gux-submenu label=\\"Submenu Two\\" class=\\"hydrated\\"><!----><button type=\\"button\\" class=\\"gux-submenu-button\\" role=\\"menuitem\\" tabindex=\\"-1\\" aria-haspopup=\\"true\\" aria-expanded=\\"false\\"><span class=\\"gux-submenu-button-text\\">Submenu Two</span><gux-icon class=\\"gux-submenu-open-icon hydrated\\" icon-name=\\"chevron-small-right\\"></gux-icon></button><div class=\\"gux-submenu-wrapper\\" data-popper-reference-hidden data-popper-escaped data-popper-placement=\\"right-start\\" style=\\"position: absolute; inset: 0px auto auto 0px; margin: 0px; transform: translate(0px, 0px);\\"><div role=\\"menu\\" class=\\"gux-submenu-content\\"> <gux-menu-option class=\\"hydrated\\"><!----><button type=\\"button\\" class=\\"gux-menu-option-button\\" role=\\"menuitem\\" aria-haspopup=\\"false\\" tabindex=\\"-1\\"><span class=\\"gux-menu-option-button-text\\">Option One</span></button></gux-menu-option> <gux-submenu label=\\"Submenu Two\\" class=\\"hydrated\\"><!----><button type=\\"button\\" class=\\"gux-submenu-button\\" role=\\"menuitem\\" tabindex=\\"-1\\" aria-haspopup=\\"true\\" aria-expanded=\\"false\\"><span class=\\"gux-submenu-button-text\\">Submenu Two</span><gux-icon class=\\"gux-submenu-open-icon hydrated\\" icon-name=\\"chevron-small-right\\"></gux-icon></button><div class=\\"gux-submenu-wrapper\\" data-popper-reference-hidden data-popper-escaped data-popper-placement=\\"right-start\\" style=\\"position: absolute; inset: 0px auto auto 0px; margin: 0px; transform: translate(0px, 0px);\\"><div role=\\"menu\\" class=\\"gux-submenu-content\\"> <gux-menu-option class=\\"hydrated\\"><!----><button type=\\"button\\" class=\\"gux-menu-option-button\\" role=\\"menuitem\\" aria-haspopup=\\"false\\" tabindex=\\"-1\\"><span class=\\"gux-menu-option-button-text\\">Option One</span></button></gux-menu-option> <gux-menu-option class=\\"hydrated\\"><!----><button type=\\"button\\" class=\\"gux-menu-option-button\\" role=\\"menuitem\\" aria-haspopup=\\"false\\" tabindex=\\"-1\\"><span class=\\"gux-menu-option-button-text\\">Option Two</span></button></gux-menu-option> <gux-menu-option class=\\"hydrated\\"><!----><button type=\\"button\\" class=\\"gux-menu-option-button\\" role=\\"menuitem\\" aria-haspopup=\\"false\\" tabindex=\\"-1\\"><span class=\\"gux-menu-option-button-text\\">Option Three</span></button></gux-menu-option> </div></div></gux-submenu> <gux-menu-option class=\\"hydrated\\"><!----><button type=\\"button\\" class=\\"gux-menu-option-button\\" role=\\"menuitem\\" aria-haspopup=\\"false\\" tabindex=\\"-1\\"><span class=\\"gux-menu-option-button-text\\">Option Three</span></button></gux-menu-option> </div></div></gux-submenu> <gux-menu-option class=\\"hydrated\\"><!----><button type=\\"button\\" class=\\"gux-menu-option-button\\" role=\\"menuitem\\" aria-haspopup=\\"false\\" tabindex=\\"-1\\"><span class=\\"gux-menu-option-button-text\\">Option Three</span></button></gux-menu-option> <gux-menu-option class=\\"hydrated\\"><!----><button type=\\"button\\" class=\\"gux-menu-option-button\\" role=\\"menuitem\\" aria-haspopup=\\"false\\" tabindex=\\"-1\\"><span class=\\"gux-menu-option-button-text\\">Option Four</span></button></gux-menu-option> <gux-submenu label=\\"Submenu Five\\" class=\\"hydrated\\"><!----><button type=\\"button\\" class=\\"gux-submenu-button\\" role=\\"menuitem\\" tabindex=\\"-1\\" aria-haspopup=\\"true\\" aria-expanded=\\"false\\"><span class=\\"gux-submenu-button-text\\">Submenu Five</span><gux-icon class=\\"gux-submenu-open-icon hydrated\\" icon-name=\\"chevron-small-right\\"></gux-icon></button><div class=\\"gux-submenu-wrapper\\" data-popper-reference-hidden data-popper-escaped data-popper-placement=\\"right-start\\" style=\\"position: absolute; inset: 0px auto auto 0px; margin: 0px; transform: translate(0px, 0px);\\"><div role=\\"menu\\" class=\\"gux-submenu-content\\"> <gux-menu-option class=\\"hydrated\\"><!----><button type=\\"button\\" class=\\"gux-menu-option-button\\" role=\\"menuitem\\" aria-haspopup=\\"false\\" tabindex=\\"-1\\"><span class=\\"gux-menu-option-button-text\\">Option One</span></button></gux-menu-option> <gux-menu-option class=\\"hydrated\\"><!----><button type=\\"button\\" class=\\"gux-menu-option-button\\" role=\\"menuitem\\" aria-haspopup=\\"false\\" tabindex=\\"-1\\"><span class=\\"gux-menu-option-button-text\\">Option Two</span></button></gux-menu-option> <gux-submenu label=\\"Submenu Three\\" class=\\"hydrated\\"><!----><button type=\\"button\\" class=\\"gux-submenu-button\\" role=\\"menuitem\\" tabindex=\\"-1\\" aria-haspopup=\\"true\\" aria-expanded=\\"false\\"><span class=\\"gux-submenu-button-text\\">Submenu Three</span><gux-icon class=\\"gux-submenu-open-icon hydrated\\" icon-name=\\"chevron-small-right\\"></gux-icon></button><div class=\\"gux-submenu-wrapper\\" data-popper-reference-hidden data-popper-escaped data-popper-placement=\\"right-start\\" style=\\"position: absolute; inset: 0px auto auto 0px; margin: 0px; transform: translate(0px, 0px);\\"><div role=\\"menu\\" class=\\"gux-submenu-content\\"> <gux-menu-option class=\\"hydrated\\"><!----><button type=\\"button\\" class=\\"gux-menu-option-button\\" role=\\"menuitem\\" aria-haspopup=\\"false\\" tabindex=\\"-1\\"><span class=\\"gux-menu-option-button-text\\">Option One</span></button></gux-menu-option> <gux-submenu label=\\"Submenu Two\\" class=\\"hydrated\\"><!----><button type=\\"button\\" class=\\"gux-submenu-button\\" role=\\"menuitem\\" tabindex=\\"-1\\" aria-haspopup=\\"true\\" aria-expanded=\\"false\\"><span class=\\"gux-submenu-button-text\\">Submenu Two</span><gux-icon class=\\"gux-submenu-open-icon hydrated\\" icon-name=\\"chevron-small-right\\"></gux-icon></button><div class=\\"gux-submenu-wrapper\\" data-popper-reference-hidden data-popper-escaped data-popper-placement=\\"right-start\\" style=\\"position: absolute; inset: 0px auto auto 0px; margin: 0px; transform: translate(0px, 0px);\\"><div role=\\"menu\\" class=\\"gux-submenu-content\\"> <gux-menu-option class=\\"hydrated\\"><!----><button type=\\"button\\" class=\\"gux-menu-option-button\\" role=\\"menuitem\\" aria-haspopup=\\"false\\" tabindex=\\"-1\\"><span class=\\"gux-menu-option-button-text\\">Option One</span></button></gux-menu-option> <gux-submenu label=\\"Submenu Two\\" class=\\"hydrated\\"><!----><button type=\\"button\\" class=\\"gux-submenu-button\\" role=\\"menuitem\\" tabindex=\\"-1\\" aria-haspopup=\\"true\\" aria-expanded=\\"false\\"><span class=\\"gux-submenu-button-text\\">Submenu Two</span><gux-icon class=\\"gux-submenu-open-icon hydrated\\" icon-name=\\"chevron-small-right\\"></gux-icon></button><div class=\\"gux-submenu-wrapper\\" data-popper-reference-hidden data-popper-escaped data-popper-placement=\\"right-start\\" style=\\"position: absolute; inset: 0px auto auto 0px; margin: 0px; transform: translate(0px, 0px);\\"><div role=\\"menu\\" class=\\"gux-submenu-content\\"> <gux-menu-option class=\\"hydrated\\"><!----><button type=\\"button\\" class=\\"gux-menu-option-button\\" role=\\"menuitem\\" aria-haspopup=\\"false\\" tabindex=\\"-1\\"><span class=\\"gux-menu-option-button-text\\">Option One</span></button></gux-menu-option> <gux-menu-option class=\\"hydrated\\"><!----><button type=\\"button\\" class=\\"gux-menu-option-button\\" role=\\"menuitem\\" aria-haspopup=\\"false\\" tabindex=\\"-1\\"><span class=\\"gux-menu-option-button-text\\">Option Two</span></button></gux-menu-option> <gux-menu-option class=\\"hydrated\\"><!----><button type=\\"button\\" class=\\"gux-menu-option-button\\" role=\\"menuitem\\" aria-haspopup=\\"false\\" tabindex=\\"-1\\"><span class=\\"gux-menu-option-button-text\\">Option Three</span></button></gux-menu-option> </div></div></gux-submenu> <gux-menu-option class=\\"hydrated\\"><!----><button type=\\"button\\" class=\\"gux-menu-option-button\\" role=\\"menuitem\\" aria-haspopup=\\"false\\" tabindex=\\"-1\\"><span class=\\"gux-menu-option-button-text\\">Option Three</span></button></gux-menu-option> </div></div></gux-submenu> <gux-menu-option class=\\"hydrated\\"><!----><button type=\\"button\\" class=\\"gux-menu-option-button\\" role=\\"menuitem\\" aria-haspopup=\\"false\\" tabindex=\\"-1\\"><span class=\\"gux-menu-option-button-text\\">Option Three</span></button></gux-menu-option> </div></div></gux-submenu> </div></div></gux-submenu> </gux-menu> </gux-flyout-menu-beta>"`;
