// Jest Snapshot v1, https://goo.gl/fbAQLP

exports[`gux-flyout-menu #render should render as expected 1`] = `
<gux-flyout-menu-beta aria-expanded="false" aria-haspopup="true" tabindex="0">
  <mock:shadow-root>
    <span>
      <slot name="target"></slot>
    </span>
    <div class="gux-flyout-menu-wrapper" style="position: absolute; left: 0; top: 0; margin: 0;">
      <div class="gux-flyout-menu-content">
        <slot name="menu"></slot>
      </div>
      <div class="gux-arrow" data-popper-arrow style="position: absolute;"></div>
    </div>
  </mock:shadow-root>
  <span slot="target">
    Example Target Element
  </span>
  <gux-menu role="menu" slot="menu">
    <!---->
    <gux-menu-option>
      <!---->
      <button aria-haspopup="false" class="gux-menu-option-button" role="menuitem" tabindex="-1" type="button">
        <span class="gux-menu-option-button-text">
          Option One
        </span>
      </button>
    </gux-menu-option>
    <gux-submenu label="Submenu Two">
      <!---->
      <button aria-expanded="false" aria-haspopup="true" class="gux-submenu-button" role="menuitem" tabindex="-1" type="button">
        <span class="gux-submenu-button-text">
          Submenu Two
        </span>
        <gux-icon class="gux-submenu-open-icon" decorative="" icon-name="chevron-small-right"></gux-icon>
      </button>
      <div class="gux-submenu-wrapper" style="position: absolute; left: 0; top: 0; margin: 0;">
        <div class="gux-submenu-content" role="menu">
          <gux-menu-option>
            <!---->
            <button aria-haspopup="false" class="gux-menu-option-button" role="menuitem" tabindex="-1" type="button">
              <span class="gux-menu-option-button-text">
                Option One
              </span>
            </button>
          </gux-menu-option>
          <gux-submenu label="Submenu Two">
            <!---->
            <button aria-expanded="false" aria-haspopup="true" class="gux-submenu-button" role="menuitem" tabindex="-1" type="button">
              <span class="gux-submenu-button-text">
                Submenu Two
              </span>
              <gux-icon class="gux-submenu-open-icon" decorative="" icon-name="chevron-small-right"></gux-icon>
            </button>
            <div class="gux-submenu-wrapper" style="position: absolute; left: 0; top: 0; margin: 0;">
              <div class="gux-submenu-content" role="menu">
                <gux-menu-option>
                  <!---->
                  <button aria-haspopup="false" class="gux-menu-option-button" role="menuitem" tabindex="-1" type="button">
                    <span class="gux-menu-option-button-text">
                      Option One
                    </span>
                  </button>
                </gux-menu-option>
                <gux-menu-option>
                  <!---->
                  <button aria-haspopup="false" class="gux-menu-option-button" role="menuitem" tabindex="-1" type="button">
                    <span class="gux-menu-option-button-text">
                      Option Two
                    </span>
                  </button>
                </gux-menu-option>
                <gux-menu-option>
                  <!---->
                  <button aria-haspopup="false" class="gux-menu-option-button" role="menuitem" tabindex="-1" type="button">
                    <span class="gux-menu-option-button-text">
                      Option Three
                    </span>
                  </button>
                </gux-menu-option>
              </div>
            </div>
          </gux-submenu>
          <gux-menu-option>
            <!---->
            <button aria-haspopup="false" class="gux-menu-option-button" role="menuitem" tabindex="-1" type="button">
              <span class="gux-menu-option-button-text">
                Option Three
              </span>
            </button>
          </gux-menu-option>
        </div>
      </div>
    </gux-submenu>
    <gux-menu-option>
      <!---->
      <button aria-haspopup="false" class="gux-menu-option-button" role="menuitem" tabindex="-1" type="button">
        <span class="gux-menu-option-button-text">
          Option Three
        </span>
      </button>
    </gux-menu-option>
    <gux-menu-option>
      <!---->
      <button aria-haspopup="false" class="gux-menu-option-button" role="menuitem" tabindex="-1" type="button">
        <span class="gux-menu-option-button-text">
          Option Four
        </span>
      </button>
    </gux-menu-option>
    <gux-submenu label="Submenu Five">
      <!---->
      <button aria-expanded="false" aria-haspopup="true" class="gux-submenu-button" role="menuitem" tabindex="-1" type="button">
        <span class="gux-submenu-button-text">
          Submenu Five
        </span>
        <gux-icon class="gux-submenu-open-icon" decorative="" icon-name="chevron-small-right"></gux-icon>
      </button>
      <div class="gux-submenu-wrapper" style="position: absolute; left: 0; top: 0; margin: 0;">
        <div class="gux-submenu-content" role="menu">
          <gux-menu-option>
            <!---->
            <button aria-haspopup="false" class="gux-menu-option-button" role="menuitem" tabindex="-1" type="button">
              <span class="gux-menu-option-button-text">
                Option One
              </span>
            </button>
          </gux-menu-option>
          <gux-menu-option>
            <!---->
            <button aria-haspopup="false" class="gux-menu-option-button" role="menuitem" tabindex="-1" type="button">
              <span class="gux-menu-option-button-text">
                Option Two
              </span>
            </button>
          </gux-menu-option>
          <gux-submenu label="Submenu Three">
            <!---->
            <button aria-expanded="false" aria-haspopup="true" class="gux-submenu-button" role="menuitem" tabindex="-1" type="button">
              <span class="gux-submenu-button-text">
                Submenu Three
              </span>
              <gux-icon class="gux-submenu-open-icon" decorative="" icon-name="chevron-small-right"></gux-icon>
            </button>
            <div class="gux-submenu-wrapper" style="position: absolute; left: 0; top: 0; margin: 0;">
              <div class="gux-submenu-content" role="menu">
                <gux-menu-option>
                  <!---->
                  <button aria-haspopup="false" class="gux-menu-option-button" role="menuitem" tabindex="-1" type="button">
                    <span class="gux-menu-option-button-text">
                      Option One
                    </span>
                  </button>
                </gux-menu-option>
                <gux-submenu label="Submenu Two">
                  <!---->
                  <button aria-expanded="false" aria-haspopup="true" class="gux-submenu-button" role="menuitem" tabindex="-1" type="button">
                    <span class="gux-submenu-button-text">
                      Submenu Two
                    </span>
                    <gux-icon class="gux-submenu-open-icon" decorative="" icon-name="chevron-small-right"></gux-icon>
                  </button>
                  <div class="gux-submenu-wrapper" style="position: absolute; left: 0; top: 0; margin: 0;">
                    <div class="gux-submenu-content" role="menu">
                      <gux-menu-option>
                        <!---->
                        <button aria-haspopup="false" class="gux-menu-option-button" role="menuitem" tabindex="-1" type="button">
                          <span class="gux-menu-option-button-text">
                            Option One
                          </span>
                        </button>
                      </gux-menu-option>
                      <gux-submenu label="Submenu Two">
                        <!---->
                        <button aria-expanded="false" aria-haspopup="true" class="gux-submenu-button" role="menuitem" tabindex="-1" type="button">
                          <span class="gux-submenu-button-text">
                            Submenu Two
                          </span>
                          <gux-icon class="gux-submenu-open-icon" decorative="" icon-name="chevron-small-right"></gux-icon>
                        </button>
                        <div class="gux-submenu-wrapper" style="position: absolute; left: 0; top: 0; margin: 0;">
                          <div class="gux-submenu-content" role="menu">
                            <gux-menu-option>
                              <!---->
                              <button aria-haspopup="false" class="gux-menu-option-button" role="menuitem" tabindex="-1" type="button">
                                <span class="gux-menu-option-button-text">
                                  Option One
                                </span>
                              </button>
                            </gux-menu-option>
                            <gux-menu-option>
                              <!---->
                              <button aria-haspopup="false" class="gux-menu-option-button" role="menuitem" tabindex="-1" type="button">
                                <span class="gux-menu-option-button-text">
                                  Option Two
                                </span>
                              </button>
                            </gux-menu-option>
                            <gux-menu-option>
                              <!---->
                              <button aria-haspopup="false" class="gux-menu-option-button" role="menuitem" tabindex="-1" type="button">
                                <span class="gux-menu-option-button-text">
                                  Option Three
                                </span>
                              </button>
                            </gux-menu-option>
                          </div>
                        </div>
                      </gux-submenu>
                      <gux-menu-option>
                        <!---->
                        <button aria-haspopup="false" class="gux-menu-option-button" role="menuitem" tabindex="-1" type="button">
                          <span class="gux-menu-option-button-text">
                            Option Three
                          </span>
                        </button>
                      </gux-menu-option>
                    </div>
                  </div>
                </gux-submenu>
                <gux-menu-option>
                  <!---->
                  <button aria-haspopup="false" class="gux-menu-option-button" role="menuitem" tabindex="-1" type="button">
                    <span class="gux-menu-option-button-text">
                      Option Three
                    </span>
                  </button>
                </gux-menu-option>
              </div>
            </div>
          </gux-submenu>
        </div>
      </div>
    </gux-submenu>
  </gux-menu>
</gux-flyout-menu-beta>
`;
