// Jest Snapshot v1, https://goo.gl/fbAQLP

exports[`gux-tabs-advanced #render renders 1`] = `"<gux-tabs-advanced lang=\\"en\\" id=\\"interactive\\" class=\\"hydrated\\"> <gux-tab-advanced-list slot=\\"tab-list\\" show-new-tab-button=\\"true\\" class=\\"hydrated\\"><!----><span class=\\"gux-sr-only gux-aria-live-region\\" aria-live=\\"polite\\"></span><div class=\\"gux-tab-container\\"><div class=\\"action-button-container\\"><div class=\\"gux-scroll-button-container\\"></div></div><div role=\\"tablist\\" class=\\"gux-scrollable-section\\"> <gux-tab-advanced tab-id=\\"1-1\\" tab-icon-name=\\"lock\\" class=\\"hydrated\\"><!----> <div class=\\"gux-tab gux-show gux-selected\\" aria-disabled=\\"false\\"><button class=\\"gux-tab-button\\" type=\\"button\\" role=\\"tab\\" aria-selected=\\"true\\" aria-controls=\\"gux-1-1-panel\\" tabindex=\\"0\\" id=\\"gux-1-1-tab\\"><div class=\\"tab-icon-container\\"><gux-icon icon-name=\\"lock\\" class=\\"hydrated\\"></gux-icon></div><span class=\\"tab-title\\"><span slot=\\"title\\"> Hello World </span></span></button><button id=\\"gux-i\\" aria-expanded=\\"false\\" type=\\"button\\" class=\\"gux-tab-options-button\\" tabindex=\\"0\\"><gux-icon icon-name=\\"menu-kebab-vertical\\" screenreader-text=\\"Tab Options for Hello World\\" class=\\"hydrated\\"></gux-icon></button><gux-popover-list hidden=\\"\\" class=\\"hydrated\\"><div class=\\"gux-dropdown-option-container\\"><span slot=\\"dropdown-options\\"> <gux-tab-advanced-option option-id=\\"1\\" icon-name=\\"edit\\" onclick=\\"notify(event)\\" class=\\"hydrated\\"><!----><button tabindex=\\"-1\\" class=\\"tab-dropdown-option\\"><gux-icon icon-name=\\"edit\\" class=\\"hydrated\\"></gux-icon><span> Edit </span></button></gux-tab-advanced-option> <gux-tab-advanced-option option-id=\\"2\\" icon-name=\\"clone\\" onclick=\\"notify(event)\\" class=\\"hydrated\\"><!----><button tabindex=\\"-1\\" class=\\"tab-dropdown-option\\"><gux-icon icon-name=\\"clone\\" class=\\"hydrated\\"></gux-icon><span> Clone </span></button></gux-tab-advanced-option> <gux-tab-advanced-option option-id=\\"3\\" icon-name=\\"share\\" onclick=\\"notify(event)\\" class=\\"hydrated\\"><!----><button tabindex=\\"-1\\" class=\\"tab-dropdown-option\\"><gux-icon icon-name=\\"share\\" class=\\"hydrated\\"></gux-icon><span> Share </span></button></gux-tab-advanced-option> <gux-tab-advanced-option option-id=\\"4\\" icon-name=\\"download\\" onclick=\\"notify(event)\\" class=\\"hydrated\\"><!----><button tabindex=\\"-1\\" class=\\"tab-dropdown-option\\"><gux-icon icon-name=\\"download\\" class=\\"hydrated\\"></gux-icon><span> Download </span></button></gux-tab-advanced-option> </span></div></gux-popover-list></div></gux-tab-advanced> <gux-tab-advanced tab-id=\\"1-2\\" tab-icon-name=\\"lock\\" class=\\"hydrated\\"><!----> <div class=\\"gux-tab gux-show\\" aria-disabled=\\"false\\"><button class=\\"gux-tab-button\\" type=\\"button\\" role=\\"tab\\" aria-selected=\\"false\\" aria-controls=\\"gux-1-2-panel\\" tabindex=\\"-1\\" id=\\"gux-1-2-tab\\"><div class=\\"tab-icon-container\\"><gux-icon icon-name=\\"lock\\" class=\\"hydrated\\"></gux-icon></div><span class=\\"tab-title\\"><span slot=\\"title\\"> Hello World 2 </span></span></button></div></gux-tab-advanced> <gux-tab-advanced gux-disabled=\\"\\" tab-id=\\"1-3\\" tab-icon-name=\\"lock\\" class=\\"hydrated\\"><!----> <div class=\\"gux-tab gux-show\\" aria-disabled=\\"true\\"><button class=\\"gux-tab-button\\" type=\\"button\\" role=\\"tab\\" aria-selected=\\"false\\" aria-controls=\\"gux-1-3-panel\\" tabindex=\\"-1\\" id=\\"gux-1-3-tab\\"><div class=\\"tab-icon-container\\"><gux-icon icon-name=\\"lock\\" class=\\"hydrated\\"></gux-icon></div><span class=\\"tab-title\\"><span slot=\\"title\\"> Hello World 3 </span></span></button></div></gux-tab-advanced> </div><div class=\\"new-tab\\"><button title=\\"Create New Tab\\" class=\\"add-tab\\"><gux-icon icon-name=\\"add\\" class=\\"hydrated\\"></gux-icon></button></div><div class=\\"action-button-container\\"><div class=\\"gux-scroll-button-container\\"></div></div></div></gux-tab-advanced-list> <gux-tab-advanced-panel tab-id=\\"1-1\\" class=\\"hydrated\\"><!----><div id=\\"gux-1-1-panel\\" role=\\"tabpanel\\" aria-labelledby=\\"gux-1-1-tab\\" tabindex=\\"0\\" aria-live=\\"assertive\\"> <span>Tab content 1</span> <div>The current time is: <span id=\\"currentTime\\"></span></div> <div> The current selected panel tab-id is: <span id=\\"currenttab-id\\"></span> </div> </div></gux-tab-advanced-panel> <gux-tab-advanced-panel tab-id=\\"1-2\\" class=\\"hydrated\\"><!----><div id=\\"gux-1-2-panel\\" role=\\"tabpanel\\" aria-labelledby=\\"gux-1-2-tab\\" tabindex=\\"0\\" hidden=\\"\\" aria-live=\\"assertive\\"> <span>Tab content 2</span> </div></gux-tab-advanced-panel> <gux-tab-advanced-panel tab-id=\\"1-3\\" class=\\"hydrated\\"><!----><div id=\\"gux-1-3-panel\\" role=\\"tabpanel\\" aria-labelledby=\\"gux-1-3-tab\\" tabindex=\\"0\\" hidden=\\"\\" aria-live=\\"assertive\\"> <span>Tab content 3</span> </div></gux-tab-advanced-panel> </gux-tabs-advanced>"`;
