// Jest Snapshot v1, https://goo.gl/fbAQLP

exports[`gux-form-field #render input tag should render component type "checkbox" 1`] = `"<!----> <div><gux-input-checkbox class=\\"hydrated\\"><!----><div class=\\"gux-input-checkbox-container\\"><input slot=\\"input\\" type=\\"checkbox\\" value=\\"true\\" id=\\"gux-form-field-i\\"><label slot=\\"label\\" for=\\"gux-form-field-i\\">Test</label></div></gux-input-checkbox><div id=\\"gux-form-field-error-i\\" class=\\"gux-error\\"><gux-error-message-beta class=\\"hydrated\\"></gux-error-message-beta></div></div>"`;

exports[`gux-form-field #render input tag should render component type "checkbox" with an error slot 1`] = `"<!----> <div><gux-input-checkbox class=\\"hydrated gux-input-error\\"><!----><div class=\\"gux-input-checkbox-container\\"><input slot=\\"input\\" type=\\"checkbox\\" value=\\"true\\" id=\\"gux-form-field-i\\" aria-describedby=\\"gux-form-field-error-i\\"><label slot=\\"label\\" for=\\"gux-form-field-i\\">Test</label></div></gux-input-checkbox><div id=\\"gux-form-field-error-i\\" class=\\"gux-error gux-show\\"><gux-error-message-beta class=\\"hydrated\\"><span slot=\\"error\\">Error</span></gux-error-message-beta></div></div>"`;

exports[`gux-form-field #render input tag should render component type "color" 1`] = `"<!----> <div class=\\"gux-label-and-input-and-error-container gux-beside\\"><div class=\\"gux-label-container\\"><label slot=\\"label\\" id=\\"gux-form-field-label-i\\">Test</label></div><div class=\\"gux-input-and-error-container\\"><gux-input-color gux-label-describedby=\\"gux-form-field-label-i\\" gux-error-describedby=\\"gux-form-field-error-i\\" class=\\"hydrated\\"><!----><section><span class=\\"gux-hidden\\" id=\\"gux-input-color-required-i\\">Required</span><button aria-describedby=\\"gux-form-field-label-i  gux-form-field-error-i\\" aria-expanded=\\"false\\" type=\\"button\\" class=\\"gux-input-color-main-element\\"><div class=\\"gux-input-color-selected-color\\" style=\\"background: rgb(0, 0, 0);\\"></div><div class=\\"gux-input-color-color-name\\">#000000</div><gux-icon icon-name=\\"chevron-small-down\\" class=\\"hydrated\\"></gux-icon></button><gux-color-select class=\\"gux-input-color-color-select hydrated\\"><!----><div hidden=\\"\\"><input slot=\\"input\\" type=\\"color\\" value=\\"#000000\\"></div><div><div class=\\"gux-input-color-matrix\\"><gux-input-color-option class=\\"hydrated\\"><button type=\\"button\\" value=\\"#203B73\\" title=\\"#203B73\\" style=\\"background-color: rgb(32, 59, 115);\\"></button></gux-input-color-option><gux-input-color-option class=\\"hydrated\\"><button type=\\"button\\" value=\\"#75A8FF\\" title=\\"#75A8FF\\" style=\\"background-color: rgb(117, 168, 255);\\"></button></gux-input-color-option><gux-input-color-option class=\\"hydrated\\"><button type=\\"button\\" value=\\"#8452CF\\" title=\\"#8452CF\\" style=\\"background-color: rgb(132, 82, 207);\\"></button></gux-input-color-option><gux-input-color-option class=\\"hydrated\\"><button type=\\"button\\" value=\\"#1DA8B3\\" title=\\"#1DA8B3\\" style=\\"background-color: rgb(29, 168, 179);\\"></button></gux-input-color-option><gux-input-color-option class=\\"hydrated\\"><button type=\\"button\\" value=\\"#B5B5EB\\" title=\\"#B5B5EB\\" style=\\"background-color: rgb(181, 181, 235);\\"></button></gux-input-color-option><gux-input-color-option class=\\"hydrated\\"><button type=\\"button\\" value=\\"#CC3EBE\\" title=\\"#CC3EBE\\" style=\\"background-color: rgb(204, 62, 190);\\"></button></gux-input-color-option><gux-input-color-option class=\\"hydrated\\"><button type=\\"button\\" value=\\"#5E6782\\" title=\\"#5E6782\\" style=\\"background-color: rgb(94, 103, 130);\\"></button></gux-input-color-option><gux-input-color-option class=\\"hydrated\\"><button type=\\"button\\" value=\\"#FF8FDD\\" title=\\"#FF8FDD\\" style=\\"background-color: rgb(255, 143, 221);\\"></button></gux-input-color-option><gux-input-color-option class=\\"hydrated\\"><button type=\\"button\\" value=\\"#868C1E\\" title=\\"#868C1E\\" style=\\"background-color: rgb(134, 140, 30);\\"></button></gux-input-color-option><gux-input-color-option class=\\"hydrated\\"><button type=\\"button\\" value=\\"#DDD933\\" title=\\"#DDD933\\" style=\\"background-color: rgb(221, 217, 51);\\"></button></gux-input-color-option></div></div></gux-color-select></section></gux-input-color><div id=\\"gux-form-field-error-i\\" class=\\"gux-error\\"><gux-error-message-beta class=\\"hydrated\\"></gux-error-message-beta></div></div></div>"`;

exports[`gux-form-field #render input tag should render component type "color" with an error slot 1`] = `"<!----> <div class=\\"gux-label-and-input-and-error-container gux-beside\\"><div class=\\"gux-label-container\\"><label slot=\\"label\\" id=\\"gux-form-field-label-i\\">Test</label></div><div class=\\"gux-input-and-error-container\\"><gux-input-color gux-label-describedby=\\"gux-form-field-label-i\\" gux-error-describedby=\\"gux-form-field-error-i\\" class=\\"hydrated gux-input-error\\"><!----><section><span class=\\"gux-hidden\\" id=\\"gux-input-color-required-i\\">Required</span><button aria-describedby=\\"gux-form-field-label-i  gux-form-field-error-i\\" aria-expanded=\\"false\\" type=\\"button\\" class=\\"gux-input-color-main-element\\"><div class=\\"gux-input-color-selected-color\\" style=\\"background: rgb(0, 0, 0);\\"></div><div class=\\"gux-input-color-color-name\\">#000000</div><gux-icon icon-name=\\"chevron-small-down\\" class=\\"hydrated\\"></gux-icon></button><gux-color-select class=\\"gux-input-color-color-select hydrated\\"><!----><div hidden=\\"\\"><input slot=\\"input\\" type=\\"color\\" value=\\"#000000\\"></div><div><div class=\\"gux-input-color-matrix\\"><gux-input-color-option class=\\"hydrated\\"><button type=\\"button\\" value=\\"#203B73\\" title=\\"#203B73\\" style=\\"background-color: rgb(32, 59, 115);\\"></button></gux-input-color-option><gux-input-color-option class=\\"hydrated\\"><button type=\\"button\\" value=\\"#75A8FF\\" title=\\"#75A8FF\\" style=\\"background-color: rgb(117, 168, 255);\\"></button></gux-input-color-option><gux-input-color-option class=\\"hydrated\\"><button type=\\"button\\" value=\\"#8452CF\\" title=\\"#8452CF\\" style=\\"background-color: rgb(132, 82, 207);\\"></button></gux-input-color-option><gux-input-color-option class=\\"hydrated\\"><button type=\\"button\\" value=\\"#1DA8B3\\" title=\\"#1DA8B3\\" style=\\"background-color: rgb(29, 168, 179);\\"></button></gux-input-color-option><gux-input-color-option class=\\"hydrated\\"><button type=\\"button\\" value=\\"#B5B5EB\\" title=\\"#B5B5EB\\" style=\\"background-color: rgb(181, 181, 235);\\"></button></gux-input-color-option><gux-input-color-option class=\\"hydrated\\"><button type=\\"button\\" value=\\"#CC3EBE\\" title=\\"#CC3EBE\\" style=\\"background-color: rgb(204, 62, 190);\\"></button></gux-input-color-option><gux-input-color-option class=\\"hydrated\\"><button type=\\"button\\" value=\\"#5E6782\\" title=\\"#5E6782\\" style=\\"background-color: rgb(94, 103, 130);\\"></button></gux-input-color-option><gux-input-color-option class=\\"hydrated\\"><button type=\\"button\\" value=\\"#FF8FDD\\" title=\\"#FF8FDD\\" style=\\"background-color: rgb(255, 143, 221);\\"></button></gux-input-color-option><gux-input-color-option class=\\"hydrated\\"><button type=\\"button\\" value=\\"#868C1E\\" title=\\"#868C1E\\" style=\\"background-color: rgb(134, 140, 30);\\"></button></gux-input-color-option><gux-input-color-option class=\\"hydrated\\"><button type=\\"button\\" value=\\"#DDD933\\" title=\\"#DDD933\\" style=\\"background-color: rgb(221, 217, 51);\\"></button></gux-input-color-option></div></div></gux-color-select></section></gux-input-color><div id=\\"gux-form-field-error-i\\" class=\\"gux-error gux-show\\"><gux-error-message-beta class=\\"hydrated\\"><span slot=\\"error\\">Error</span></gux-error-message-beta></div></div></div>"`;

exports[`gux-form-field #render input tag should render component type "email" 1`] = `"<!----> <div class=\\"gux-label-and-input-and-error-container gux-beside\\"><div class=\\"gux-label-container\\"><label slot=\\"label\\" for=\\"gux-form-field-i\\">Test</label></div><div class=\\"gux-input-and-error-container\\"><gux-input-text-like class=\\"hydrated\\" slot=\\"input\\"><!----><div class=\\"gux-input-container\\"><input slot=\\"input\\" type=\\"email\\" value=\\"test@example.com\\" id=\\"gux-form-field-i\\"></div></gux-input-text-like><div id=\\"gux-form-field-error-i\\" class=\\"gux-error\\"><gux-error-message-beta class=\\"hydrated\\"></gux-error-message-beta></div></div></div>"`;

exports[`gux-form-field #render input tag should render component type "email" with an error slot 1`] = `"<!----> <div class=\\"gux-label-and-input-and-error-container gux-beside\\"><div class=\\"gux-label-container\\"><label slot=\\"label\\" for=\\"gux-form-field-i\\">Test</label></div><div class=\\"gux-input-and-error-container\\"><gux-input-text-like class=\\"hydrated gux-input-error\\" slot=\\"input\\"><!----><div class=\\"gux-input-container\\"><input slot=\\"input\\" type=\\"email\\" value=\\"test@example.com\\" id=\\"gux-form-field-i\\" aria-describedby=\\"gux-form-field-error-i\\"></div></gux-input-text-like><div id=\\"gux-form-field-error-i\\" class=\\"gux-error gux-show\\"><gux-error-message-beta class=\\"hydrated\\"><span slot=\\"error\\">Error</span></gux-error-message-beta></div></div></div>"`;

exports[`gux-form-field #render input tag should render component type "number" 1`] = `"<!----> <div class=\\"gux-label-and-input-and-error-container gux-beside\\"><div class=\\"gux-label-container\\"><label slot=\\"label\\" for=\\"gux-form-field-i\\">Test</label></div><div class=\\"gux-input-and-error-container\\"><gux-input-number class=\\"hydrated\\" slot=\\"input\\"><!----><div class=\\"gux-input-number-container\\"><div class=\\"gux-input-container\\"><input slot=\\"input\\" type=\\"number\\" value=\\"2\\" id=\\"gux-form-field-i\\"></div><div class=\\"gux-step-buttons-container\\"><button class=\\"gux-step-button\\" tabindex=\\"-1\\" type=\\"button\\" title=\\"Increment\\"><gux-icon icon-name=\\"chevron-small-up\\" class=\\"hydrated\\"></gux-icon></button><button class=\\"gux-step-button\\" tabindex=\\"-1\\" type=\\"button\\" title=\\"Decrement\\"><gux-icon icon-name=\\"chevron-small-down\\" class=\\"hydrated\\"></gux-icon></button></div></div></gux-input-number><div id=\\"gux-form-field-error-i\\" class=\\"gux-error\\"><gux-error-message-beta class=\\"hydrated\\"></gux-error-message-beta></div></div></div>"`;

exports[`gux-form-field #render input tag should render component type "number" with an error slot 1`] = `"<!----> <div class=\\"gux-label-and-input-and-error-container gux-beside\\"><div class=\\"gux-label-container\\"><label slot=\\"label\\" for=\\"gux-form-field-i\\">Test</label></div><div class=\\"gux-input-and-error-container\\"><gux-input-number class=\\"hydrated gux-input-error\\" slot=\\"input\\"><!----><div class=\\"gux-input-number-container\\"><div class=\\"gux-input-container\\"><input slot=\\"input\\" type=\\"number\\" value=\\"2\\" id=\\"gux-form-field-i\\" aria-describedby=\\"gux-form-field-error-i\\"></div><div class=\\"gux-step-buttons-container\\"><button class=\\"gux-step-button\\" tabindex=\\"-1\\" type=\\"button\\" title=\\"Increment\\"><gux-icon icon-name=\\"chevron-small-up\\" class=\\"hydrated\\"></gux-icon></button><button class=\\"gux-step-button\\" tabindex=\\"-1\\" type=\\"button\\" title=\\"Decrement\\"><gux-icon icon-name=\\"chevron-small-down\\" class=\\"hydrated\\"></gux-icon></button></div></div></gux-input-number><div id=\\"gux-form-field-error-i\\" class=\\"gux-error gux-show\\"><gux-error-message-beta class=\\"hydrated\\"><span slot=\\"error\\">Error</span></gux-error-message-beta></div></div></div>"`;

exports[`gux-form-field #render input tag should render component type "password" 1`] = `"<!----> <div class=\\"gux-label-and-input-and-error-container gux-beside\\"><div class=\\"gux-label-container\\"><label slot=\\"label\\" for=\\"gux-form-field-i\\">Test</label></div><div class=\\"gux-input-and-error-container\\"><gux-input-text-like class=\\"hydrated\\" slot=\\"input\\"><!----><div class=\\"gux-input-container\\"><input slot=\\"input\\" type=\\"password\\" value=\\"text\\" id=\\"gux-form-field-i\\"></div></gux-input-text-like><div id=\\"gux-form-field-error-i\\" class=\\"gux-error\\"><gux-error-message-beta class=\\"hydrated\\"></gux-error-message-beta></div></div></div>"`;

exports[`gux-form-field #render input tag should render component type "password" with an error slot 1`] = `"<!----> <div class=\\"gux-label-and-input-and-error-container gux-beside\\"><div class=\\"gux-label-container\\"><label slot=\\"label\\" for=\\"gux-form-field-i\\">Test</label></div><div class=\\"gux-input-and-error-container\\"><gux-input-text-like class=\\"hydrated gux-input-error\\" slot=\\"input\\"><!----><div class=\\"gux-input-container\\"><input slot=\\"input\\" type=\\"password\\" value=\\"text\\" id=\\"gux-form-field-i\\" aria-describedby=\\"gux-form-field-error-i\\"></div></gux-input-text-like><div id=\\"gux-form-field-error-i\\" class=\\"gux-error gux-show\\"><gux-error-message-beta class=\\"hydrated\\"><span slot=\\"error\\">Error</span></gux-error-message-beta></div></div></div>"`;

exports[`gux-form-field #render input tag should render component type "radio" 1`] = `"<!----> <gux-input-radio class=\\"hydrated\\"><!----><div class=\\"gux-input-radio-container\\"><input slot=\\"input\\" type=\\"radio\\" value=\\"true\\" id=\\"gux-form-field-i\\"><label slot=\\"label\\" for=\\"gux-form-field-i\\">Test</label></div></gux-input-radio>"`;

exports[`gux-form-field #render input tag should render component type "radio" with an error slot 1`] = `"<!----> <span slot=\\"error\\" hidden=\\"\\">Error</span> <gux-input-radio class=\\"hydrated\\"><!----><div class=\\"gux-input-radio-container\\"><input slot=\\"input\\" type=\\"radio\\" value=\\"true\\" id=\\"gux-form-field-i\\" aria-describedby=\\"gux-form-field-error-i\\"><label slot=\\"label\\" for=\\"gux-form-field-i\\">Test</label></div></gux-input-radio>"`;

exports[`gux-form-field #render input tag should render component type "range" 1`] = `"<!----> <div class=\\"gux-label-and-input-and-error-container gux-beside\\"><div class=\\"gux-label-container\\"><label slot=\\"label\\" for=\\"gux-form-field-i\\">Test</label></div><gux-input-range class=\\"hydrated\\"><!----><div class=\\"gux-container\\"><div class=\\"gux-range\\"><div class=\\"gux-track\\"><div class=\\"gux-progress\\" style=\\"width: 5%;\\"></div></div><input slot=\\"input\\" type=\\"range\\" value=\\"5\\" id=\\"gux-form-field-i\\"><div class=\\"gux-range-tooltip-container gux-hidden\\"><div class=\\"gux-range-tooltip\\" style=\\"left: 4.91172%;\\">5</div></div></div><div class=\\"gux-display\\">5</div></div></gux-input-range></div>"`;

exports[`gux-form-field #render input tag should render component type "range" with an error slot 1`] = `"<!----> <span slot=\\"error\\" hidden=\\"\\">Error</span> <div class=\\"gux-label-and-input-and-error-container gux-beside\\"><div class=\\"gux-label-container\\"><label slot=\\"label\\" for=\\"gux-form-field-i\\">Test</label></div><gux-input-range class=\\"hydrated\\"><!----><div class=\\"gux-container\\"><div class=\\"gux-range\\"><div class=\\"gux-track\\"><div class=\\"gux-progress\\" style=\\"width: 5%;\\"></div></div><input slot=\\"input\\" type=\\"range\\" value=\\"5\\" id=\\"gux-form-field-i\\" aria-describedby=\\"gux-form-field-error-i\\"><div class=\\"gux-range-tooltip-container gux-hidden\\"><div class=\\"gux-range-tooltip\\" style=\\"left: 4.91172%;\\">5</div></div></div><div class=\\"gux-display\\">5</div></div></gux-input-range></div>"`;

exports[`gux-form-field #render input tag should render component type "search" 1`] = `"<!----> <div class=\\"gux-label-and-input-and-error-container gux-beside\\"><div class=\\"gux-label-container\\"><label slot=\\"label\\" for=\\"gux-form-field-i\\">Test</label></div><div class=\\"gux-input-and-error-container\\"><gux-input-search class=\\"hydrated\\"><!----><div class=\\"gux-input-container\\"><gux-icon class=\\"gux-search-icon hydrated\\" icon-name=\\"search\\"></gux-icon><input slot=\\"input\\" type=\\"search\\" value=\\"text\\" id=\\"gux-form-field-i\\"><button class=\\"gux-clear-button\\" tabindex=\\"-1\\" type=\\"button\\" title=\\"Clear\\"><gux-icon icon-name=\\"close\\" class=\\"hydrated\\"></gux-icon></button></div></gux-input-search><div id=\\"gux-form-field-error-i\\" class=\\"gux-error\\"><gux-error-message-beta class=\\"hydrated\\"></gux-error-message-beta></div></div></div>"`;

exports[`gux-form-field #render input tag should render component type "search" with an error slot 1`] = `"<!----> <div class=\\"gux-label-and-input-and-error-container gux-beside\\"><div class=\\"gux-label-container\\"><label slot=\\"label\\" for=\\"gux-form-field-i\\">Test</label></div><div class=\\"gux-input-and-error-container\\"><gux-input-search class=\\"hydrated\\"><!----><div class=\\"gux-input-container\\"><gux-icon class=\\"gux-search-icon hydrated\\" icon-name=\\"search\\"></gux-icon><input slot=\\"input\\" type=\\"search\\" value=\\"text\\" id=\\"gux-form-field-i\\" aria-describedby=\\"gux-form-field-error-i\\"><button class=\\"gux-clear-button\\" tabindex=\\"-1\\" type=\\"button\\" title=\\"Clear\\"><gux-icon icon-name=\\"close\\" class=\\"hydrated\\"></gux-icon></button></div></gux-input-search><div id=\\"gux-form-field-error-i\\" class=\\"gux-error gux-show\\"><gux-error-message-beta class=\\"hydrated\\"><span slot=\\"error\\">Error</span></gux-error-message-beta></div></div></div>"`;

exports[`gux-form-field #render input tag should render component type "text" 1`] = `"<!----> <div class=\\"gux-label-and-input-and-error-container gux-beside\\"><div class=\\"gux-label-container\\"><label slot=\\"label\\" for=\\"gux-form-field-i\\">Test</label></div><div class=\\"gux-input-and-error-container\\"><gux-input-text-like class=\\"hydrated\\" slot=\\"input\\"><!----><div class=\\"gux-input-container\\"><input slot=\\"input\\" type=\\"text\\" value=\\"text\\" id=\\"gux-form-field-i\\"></div></gux-input-text-like><div id=\\"gux-form-field-error-i\\" class=\\"gux-error\\"><gux-error-message-beta class=\\"hydrated\\"></gux-error-message-beta></div></div></div>"`;

exports[`gux-form-field #render input tag should render component type "text" with an error slot 1`] = `"<!----> <div class=\\"gux-label-and-input-and-error-container gux-beside\\"><div class=\\"gux-label-container\\"><label slot=\\"label\\" for=\\"gux-form-field-i\\">Test</label></div><div class=\\"gux-input-and-error-container\\"><gux-input-text-like class=\\"hydrated gux-input-error\\" slot=\\"input\\"><!----><div class=\\"gux-input-container\\"><input slot=\\"input\\" type=\\"text\\" value=\\"text\\" id=\\"gux-form-field-i\\" aria-describedby=\\"gux-form-field-error-i\\"></div></gux-input-text-like><div id=\\"gux-form-field-error-i\\" class=\\"gux-error gux-show\\"><gux-error-message-beta class=\\"hydrated\\"><span slot=\\"error\\">Error</span></gux-error-message-beta></div></div></div>"`;

exports[`gux-form-field #render input tag should render component type "unknown" 1`] = `"<!----> <div><label slot=\\"label\\" for=\\"gux-form-field-i\\">Test</label><input slot=\\"input\\" type=\\"unknown\\" value=\\"text\\" id=\\"gux-form-field-i\\"></div>"`;

exports[`gux-form-field #render input tag should render component type "unknown" with an error slot 1`] = `"<!----> <div><label slot=\\"label\\" for=\\"gux-form-field-i\\">Test</label><input slot=\\"input\\" type=\\"unknown\\" value=\\"text\\" id=\\"gux-form-field-i\\" aria-describedby=\\"gux-form-field-error-i\\"><span slot=\\"error\\">Error</span></div>"`;

exports[`gux-form-field select tag should render component type "select" 1`] = `"<!----> <div class=\\"gux-label-and-input-and-error-container gux-beside\\"><div class=\\"gux-label-container\\"><label slot=\\"label\\" for=\\"gux-form-field-i\\">Select</label></div><div class=\\"gux-input-and-error-container\\"><gux-input-select slot=\\"input\\" class=\\"hydrated\\"><!----><div class=\\"gux-input-container\\"><select slot=\\"input\\" name=\\"select\\" id=\\"gux-form-field-i\\"> <option value=\\"option1\\">Option 1</option> <option value=\\"option1\\">Option 2</option> <option value=\\"option1\\">Option 3</option> </select><gux-icon class=\\"hydrated\\"></gux-icon></div></gux-input-select><div id=\\"gux-form-field-error-i\\" class=\\"gux-error\\"><gux-error-message-beta class=\\"hydrated\\"></gux-error-message-beta></div></div></div>"`;

exports[`gux-form-field select tag should render component type "select" with an error slot 1`] = `"<!----> <div class=\\"gux-label-and-input-and-error-container gux-beside\\"><div class=\\"gux-label-container\\"><label slot=\\"label\\" for=\\"gux-form-field-i\\">Select</label></div><div class=\\"gux-input-and-error-container\\"><gux-input-select slot=\\"input\\" class=\\"hydrated gux-input-error\\"><!----><div class=\\"gux-input-container\\"><select slot=\\"input\\" name=\\"select\\" id=\\"gux-form-field-i\\" aria-describedby=\\"gux-form-field-error-i\\"> <option value=\\"option1\\">Option 1</option> <option value=\\"option1\\">Option 2</option> <option value=\\"option1\\">Option 3</option> </select><gux-icon class=\\"hydrated\\"></gux-icon></div></gux-input-select><div id=\\"gux-form-field-error-i\\" class=\\"gux-error gux-show\\"><gux-error-message-beta class=\\"hydrated\\"><span slot=\\"error\\">Error</span></gux-error-message-beta></div></div></div>"`;
